../Core/Src/main.c:35:5:main	8	static
../Core/Src/main.c:64:6:HAL_TIM_PeriodElapsedCallback	48	static
../Core/Src/main.c:95:6:HAL_CAN_RxFifo0MsgPendingCallback	104	static
../Core/Src/main.c:122:6:GPIO_Init	32	static
../Core/Src/main.c:142:6:TIMER6_Init	8	static
../Core/Src/main.c:157:6:CAN_TransmitLED	16	static
../Core/Src/main.c:181:6:SystemClock_Config_HSE	96	static
../Core/Src/main.c:299:6:CAN_Filter_Config	48	static
../Core/Src/main.c:318:6:CAN1_Init	8	static
../Core/Src/main.c:343:6:UART2_Init	8	static
../Core/Src/main.c:358:6:Error_handler	4	static
